2025-11-07 08:59:34,070 - INFO - [mysql.connector] package: mysql.connector.plugins
2025-11-07 08:59:34,071 - INFO - [mysql.connector] plugin_name: mysql_native_password
2025-11-07 08:59:34,073 - INFO - [mysql.connector] AUTHENTICATION_PLUGIN_CLASS: MySQLNativePasswordAuthPlugin
2025-11-07 08:59:34,075 - INFO - [AccessControl] Database connection successful
2025-11-07 08:59:34,075 - INFO - [AccessControl] Starting RFID Access Control System
2025-11-07 08:59:34,079 - INFO - [AccessControl] Starting RFID reader for Room 6 on COM5
2025-11-07 08:59:34,079 - INFO - [AccessControl] Started reader for Room 6 on COM5
2025-11-07 08:59:34,080 - INFO - [AccessControl] Auto-off monitor started
2025-11-07 08:59:36,228 - INFO - [AccessControl] [Room 6] Arduino: ERROR:INVALID_TOKEN
2025-11-07 08:59:42,448 - INFO - [AccessControl] [Room 6] Processing UID: 61DE6A05
2025-11-07 08:59:42,452 - ERROR - [AccessControl] Database execute error: 1054 (42S22): Unknown column 'Reason' in 'field list'
2025-11-07 08:59:42,452 - ERROR - [AccessControl] Failed to log access: 1054 (42S22): Unknown column 'Reason' in 'field list'
2025-11-07 08:59:42,557 - INFO - [AccessControl] [Room 6] Arduino: ERROR:INVALID_TOKEN
2025-11-07 09:00:35,316 - INFO - [AccessControl] [Room 6] Processing UID: 61DE6A05
2025-11-07 09:00:35,319 - ERROR - [AccessControl] Database execute error: 1054 (42S22): Unknown column 'Reason' in 'field list'
2025-11-07 09:00:35,320 - ERROR - [AccessControl] Failed to log access: 1054 (42S22): Unknown column 'Reason' in 'field list'
2025-11-07 09:00:35,425 - INFO - [AccessControl] [Room 6] Arduino: ERROR:INVALID_TOKEN
2025-11-07 09:00:40,259 - INFO - [AccessControl] Shutdown signal received
2025-11-07 09:00:40,259 - INFO - [AccessControl] Shutting down RFID Access Control System
2025-11-07 09:00:40,342 - INFO - [AccessControl] RFID reader for Room 6 stopped
2025-11-07 09:00:40,343 - INFO - [AccessControl] RFID Access Control System stopped
2025-11-07 09:00:43,359 - INFO - [mysql.connector] package: mysql.connector.plugins
2025-11-07 09:00:43,360 - INFO - [mysql.connector] plugin_name: mysql_native_password
2025-11-07 09:00:43,361 - INFO - [mysql.connector] AUTHENTICATION_PLUGIN_CLASS: MySQLNativePasswordAuthPlugin
2025-11-07 09:00:43,364 - INFO - [AccessControl] Database connection successful
2025-11-07 09:00:43,364 - INFO - [AccessControl] Starting RFID Access Control System
2025-11-07 09:00:43,366 - INFO - [AccessControl] Starting RFID reader for Room 6 on COM5
2025-11-07 09:00:43,367 - INFO - [AccessControl] Started reader for Room 6 on COM5
2025-11-07 09:00:43,367 - INFO - [AccessControl] Auto-off monitor started
2025-11-07 09:00:45,504 - INFO - [AccessControl] [Room 6] Arduino: ERROR:INVALID_TOKEN
2025-11-07 09:01:07,681 - INFO - [AccessControl] [Room 6] Processing UID: 61DE6A05
2025-11-07 09:01:07,683 - ERROR - [AccessControl] [Room 6] Read error: RFIDReader.log_access() takes 6 positional arguments but 7 were given
2025-11-07 09:01:07,791 - INFO - [AccessControl] [Room 6] Arduino: ERROR:INVALID_TOKEN
2025-11-07 09:03:31,780 - INFO - [AccessControl] Shutdown signal received
2025-11-07 09:03:31,780 - INFO - [AccessControl] Shutting down RFID Access Control System
2025-11-07 09:03:31,832 - INFO - [AccessControl] RFID reader for Room 6 stopped
2025-11-07 09:03:31,832 - INFO - [AccessControl] RFID Access Control System stopped
2025-11-07 09:03:34,490 - INFO - [mysql.connector] package: mysql.connector.plugins
2025-11-07 09:03:34,491 - INFO - [mysql.connector] plugin_name: mysql_native_password
2025-11-07 09:03:34,492 - INFO - [mysql.connector] AUTHENTICATION_PLUGIN_CLASS: MySQLNativePasswordAuthPlugin
2025-11-07 09:03:34,494 - INFO - [AccessControl] Database connection successful
2025-11-07 09:03:34,495 - INFO - [AccessControl] Starting RFID Access Control System
2025-11-07 09:03:34,497 - INFO - [AccessControl] Starting RFID reader for Room 6 on COM5
2025-11-07 09:03:34,497 - INFO - [AccessControl] Started reader for Room 6 on COM5
2025-11-07 09:03:34,497 - INFO - [AccessControl] Auto-off monitor started
2025-11-07 09:03:36,642 - INFO - [AccessControl] [Room 6] Arduino: ERROR:INVALID_TOKEN
2025-11-07 09:03:36,751 - INFO - [AccessControl] [Room 6] Processing UID: 61DE6A05
2025-11-07 09:03:36,753 - ERROR - [AccessControl] [Room 6] Read error: RFIDReader.log_access() takes 6 positional arguments but 7 were given
2025-11-07 09:03:36,861 - INFO - [AccessControl] [Room 6] Arduino: ERROR:INVALID_TOKEN
2025-11-07 09:06:50,716 - INFO - [AccessControl] Shutdown signal received
2025-11-07 09:06:50,717 - INFO - [AccessControl] Shutting down RFID Access Control System
2025-11-07 09:06:50,752 - INFO - [AccessControl] RFID reader for Room 6 stopped
2025-11-07 09:06:50,753 - INFO - [AccessControl] RFID Access Control System stopped
2025-11-07 09:06:53,397 - INFO - [mysql.connector] package: mysql.connector.plugins
2025-11-07 09:06:53,398 - INFO - [mysql.connector] plugin_name: mysql_native_password
2025-11-07 09:06:53,401 - INFO - [mysql.connector] AUTHENTICATION_PLUGIN_CLASS: MySQLNativePasswordAuthPlugin
2025-11-07 09:06:53,402 - INFO - [AccessControl] Database connection successful
2025-11-07 09:06:53,404 - INFO - [AccessControl] Starting RFID Access Control System
2025-11-07 09:06:53,410 - INFO - [AccessControl] Starting RFID reader for Room 6 on COM5
2025-11-07 09:06:53,410 - INFO - [AccessControl] Started reader for Room 6 on COM5
2025-11-07 09:06:53,413 - INFO - [AccessControl] Auto-off monitor started
2025-11-07 09:06:55,737 - INFO - [AccessControl] [Room 6] Arduino: ERROR:INVALID_TOKEN
2025-11-07 09:06:58,703 - INFO - [AccessControl] [Room 6] Processing UID: 61DE6A05
2025-11-07 09:06:58,705 - ERROR - [AccessControl] Database execute error: Not enough parameters for the SQL statement
2025-11-07 09:06:58,705 - ERROR - [AccessControl] Failed to log access: Not enough parameters for the SQL statement
2025-11-07 09:06:58,812 - INFO - [AccessControl] [Room 6] Arduino: ERROR:INVALID_TOKEN
2025-11-07 09:09:56,803 - INFO - [AccessControl] Shutdown signal received
2025-11-07 09:09:56,804 - INFO - [AccessControl] Shutting down RFID Access Control System
2025-11-07 09:09:56,895 - INFO - [AccessControl] RFID reader for Room 6 stopped
2025-11-07 09:09:56,895 - INFO - [AccessControl] RFID Access Control System stopped
2025-11-07 09:10:00,410 - INFO - [mysql.connector] package: mysql.connector.plugins
2025-11-07 09:10:00,410 - INFO - [mysql.connector] plugin_name: mysql_native_password
2025-11-07 09:10:00,412 - INFO - [mysql.connector] AUTHENTICATION_PLUGIN_CLASS: MySQLNativePasswordAuthPlugin
2025-11-07 09:10:00,414 - INFO - [AccessControl] Database connection successful
2025-11-07 09:10:00,414 - INFO - [AccessControl] Starting RFID Access Control System
2025-11-07 09:10:00,417 - INFO - [AccessControl] Starting RFID reader for Room 6 on COM5
2025-11-07 09:10:00,417 - INFO - [AccessControl] Started reader for Room 6 on COM5
2025-11-07 09:10:00,418 - INFO - [AccessControl] Auto-off monitor started
2025-11-07 09:10:02,557 - INFO - [AccessControl] [Room 6] Arduino: ERROR:INVALID_TOKEN
2025-11-07 09:10:04,949 - INFO - [AccessControl] [Room 6] Processing UID: 61DE6A05
2025-11-07 09:10:04,950 - ERROR - [AccessControl] [Room 6] Read error: too many values to unpack (expected 3)
2025-11-07 09:11:34,637 - INFO - [AccessControl] Shutdown signal received
2025-11-07 09:11:34,637 - INFO - [AccessControl] Shutting down RFID Access Control System
2025-11-07 09:11:34,675 - INFO - [AccessControl] RFID reader for Room 6 stopped
2025-11-07 09:11:34,675 - INFO - [AccessControl] RFID Access Control System stopped
2025-11-07 09:11:37,193 - INFO - [mysql.connector] package: mysql.connector.plugins
2025-11-07 09:11:37,195 - INFO - [mysql.connector] plugin_name: mysql_native_password
2025-11-07 09:11:37,196 - INFO - [mysql.connector] AUTHENTICATION_PLUGIN_CLASS: MySQLNativePasswordAuthPlugin
2025-11-07 09:11:37,199 - INFO - [AccessControl] Database connection successful
2025-11-07 09:11:37,199 - INFO - [AccessControl] Starting RFID Access Control System
2025-11-07 09:11:37,201 - INFO - [AccessControl] Starting RFID reader for Room 6 on COM5
2025-11-07 09:11:37,201 - INFO - [AccessControl] Started reader for Room 6 on COM5
2025-11-07 09:11:37,202 - INFO - [AccessControl] Auto-off monitor started
2025-11-07 09:11:39,347 - INFO - [AccessControl] [Room 6] Processing UID: 61DE6A05
2025-11-07 09:11:39,348 - ERROR - [AccessControl] [Room 6] Read error: too many values to unpack (expected 3)
2025-11-07 09:11:39,457 - INFO - [AccessControl] [Room 6] Arduino: ERROR:INVALID_TOKEN
2025-11-07 09:15:16,931 - INFO - [AccessControl] Shutdown signal received
2025-11-07 09:15:16,931 - INFO - [AccessControl] Shutting down RFID Access Control System
2025-11-07 09:15:17,010 - INFO - [AccessControl] RFID reader for Room 6 stopped
2025-11-07 09:15:17,011 - INFO - [AccessControl] RFID Access Control System stopped
2025-11-07 09:15:21,511 - INFO - [mysql.connector] package: mysql.connector.plugins
2025-11-07 09:15:21,511 - INFO - [mysql.connector] plugin_name: mysql_native_password
2025-11-07 09:15:21,513 - INFO - [mysql.connector] AUTHENTICATION_PLUGIN_CLASS: MySQLNativePasswordAuthPlugin
2025-11-07 09:15:21,515 - INFO - [AccessControl] Database connection successful
2025-11-07 09:15:21,516 - INFO - [AccessControl] Starting RFID Access Control System
2025-11-07 09:15:21,519 - INFO - [AccessControl] Starting RFID reader for Room 6 on COM5
2025-11-07 09:15:21,519 - INFO - [AccessControl] Started reader for Room 6 on COM5
2025-11-07 09:15:21,520 - INFO - [AccessControl] Auto-off monitor started
2025-11-07 09:15:23,656 - INFO - [AccessControl] [Room 6] Arduino: ERROR:INVALID_TOKEN
2025-11-07 09:15:26,172 - INFO - [AccessControl] [Room 6] Processing UID: A4123D05
2025-11-07 09:15:26,174 - ERROR - [AccessControl] Database execute error: Not enough parameters for the SQL statement
2025-11-07 09:15:26,175 - ERROR - [AccessControl] Failed to log access: Not enough parameters for the SQL statement
2025-11-07 09:15:26,283 - INFO - [AccessControl] [Room 6] Arduino: ERROR:INVALID_TOKEN
2025-11-07 09:17:45,198 - INFO - [AccessControl] Shutdown signal received
2025-11-07 09:17:45,198 - INFO - [AccessControl] Shutting down RFID Access Control System
2025-11-07 09:17:45,231 - INFO - [AccessControl] RFID reader for Room 6 stopped
2025-11-07 09:17:45,235 - INFO - [AccessControl] RFID Access Control System stopped
2025-11-07 09:17:47,674 - INFO - [mysql.connector] package: mysql.connector.plugins
2025-11-07 09:17:47,674 - INFO - [mysql.connector] plugin_name: mysql_native_password
2025-11-07 09:17:47,676 - INFO - [mysql.connector] AUTHENTICATION_PLUGIN_CLASS: MySQLNativePasswordAuthPlugin
2025-11-07 09:17:47,678 - INFO - [AccessControl] Database connection successful
2025-11-07 09:17:47,678 - INFO - [AccessControl] Starting RFID Access Control System
2025-11-07 09:17:47,680 - INFO - [AccessControl] Starting RFID reader for Room 6 on COM5
2025-11-07 09:17:47,681 - INFO - [AccessControl] Started reader for Room 6 on COM5
2025-11-07 09:17:47,681 - INFO - [AccessControl] Auto-off monitor started
2025-11-07 09:17:49,821 - INFO - [AccessControl] [Room 6] Arduino: ERROR:INVALID_TOKEN
2025-11-07 09:17:51,909 - INFO - [AccessControl] [Room 6] Processing UID: A4123D05
2025-11-07 09:17:51,913 - INFO - [AccessControl] Logged access: UID A4123D05, Room 6, Status denied
2025-11-07 09:17:52,018 - INFO - [AccessControl] [Room 6] Arduino: ERROR:INVALID_TOKEN
2025-11-07 09:18:33,666 - INFO - [AccessControl] [Room 6] Processing UID: D3CBB138
2025-11-07 09:18:33,671 - INFO - [AccessControl] Logged access: UID D3CBB138, Room 6, Status denied
2025-11-07 09:18:33,777 - INFO - [AccessControl] [Room 6] Arduino: ERROR:INVALID_TOKEN
2025-11-07 09:18:37,824 - INFO - [AccessControl] [Room 6] Processing UID: 61DE6A05
2025-11-07 09:18:37,831 - INFO - [AccessControl] Logged access: UID 61DE6A05, Room 6, Status granted
2025-11-07 09:18:37,831 - INFO - [AccessControl] [Room 6] Admin toggled room → Unoccupied
2025-11-07 09:18:37,934 - INFO - [AccessControl] [Room 6] Arduino: ERROR:INVALID_TOKEN
2025-11-07 09:18:41,202 - INFO - [AccessControl] [Room 6] Processing UID: 61DE6A05
2025-11-07 09:18:41,208 - INFO - [AccessControl] Logged access: UID 61DE6A05, Room 6, Status granted
2025-11-07 09:18:41,208 - INFO - [AccessControl] [Room 6] Admin toggled room → Occupied
2025-11-07 09:18:41,310 - INFO - [AccessControl] [Room 6] Arduino: ERROR:INVALID_TOKEN
2025-11-07 09:19:00,637 - INFO - [AccessControl] [Room 6] Processing UID: A4123D05
2025-11-07 09:19:00,641 - INFO - [AccessControl] Logged access: UID A4123D05, Room 6, Status denied
2025-11-07 09:19:00,745 - INFO - [AccessControl] [Room 6] Arduino: ERROR:INVALID_TOKEN
2025-11-07 09:19:04,238 - INFO - [AccessControl] [Room 6] Processing UID: 82041001
2025-11-07 09:19:04,243 - INFO - [AccessControl] Logged access: UID 82041001, Room 6, Status denied
2025-11-07 09:19:04,458 - INFO - [AccessControl] [Room 6] Arduino: ERROR:INVALID_TOKEN
2025-11-07 09:19:44,787 - INFO - [AccessControl] [Room 6] Processing UID: 82041001
2025-11-07 09:19:44,791 - INFO - [AccessControl] Logged access: UID 82041001, Room 6, Status denied
2025-11-07 09:19:44,895 - INFO - [AccessControl] [Room 6] Arduino: ERROR:INVALID_TOKEN
2025-11-07 09:20:34,248 - INFO - [AccessControl] [Room 6] Processing UID: D3CBB138
2025-11-07 09:20:34,252 - INFO - [AccessControl] Logged access: UID D3CBB138, Room 6, Status denied
2025-11-07 09:20:34,357 - INFO - [AccessControl] [Room 6] Arduino: ERROR:INVALID_TOKEN
2025-11-07 09:20:39,040 - INFO - [AccessControl] [Room 6] Processing UID: 82041001
2025-11-07 09:20:39,046 - INFO - [AccessControl] Logged access: UID 82041001, Room 6, Status granted
2025-11-07 09:20:39,048 - INFO - [AccessControl] [Room 6] Student access processed
2025-11-07 09:20:39,151 - INFO - [AccessControl] [Room 6] Arduino: ERROR:INVALID_TOKEN
2025-11-07 09:20:54,153 - INFO - [AccessControl] [Room 6] Processing UID: D3CBB138
2025-11-07 09:20:54,158 - INFO - [AccessControl] Logged access: UID D3CBB138, Room 6, Status denied
2025-11-07 09:20:54,370 - INFO - [AccessControl] [Room 6] Arduino: ERROR:INVALID_TOKEN
2025-11-07 09:20:59,193 - INFO - [AccessControl] [Room 6] Processing UID: 82041001
2025-11-07 09:20:59,200 - INFO - [AccessControl] Logged access: UID 82041001, Room 6, Status granted
2025-11-07 09:20:59,201 - INFO - [AccessControl] [Room 6] Student access processed
2025-11-07 09:20:59,317 - INFO - [AccessControl] [Room 6] Arduino: ERROR:INVALID_TOKEN
2025-11-07 09:23:43,286 - INFO - [AccessControl] Shutdown signal received
2025-11-07 09:23:43,286 - INFO - [AccessControl] Shutting down RFID Access Control System
2025-11-07 09:23:43,304 - INFO - [AccessControl] RFID reader for Room 6 stopped
2025-11-07 09:23:43,304 - INFO - [AccessControl] RFID Access Control System stopped
2025-11-07 09:26:02,111 - INFO - [mysql.connector] package: mysql.connector.plugins
2025-11-07 09:26:02,111 - INFO - [mysql.connector] plugin_name: mysql_native_password
2025-11-07 09:26:02,113 - INFO - [mysql.connector] AUTHENTICATION_PLUGIN_CLASS: MySQLNativePasswordAuthPlugin
2025-11-07 09:26:02,115 - INFO - [AccessControl] Database connection successful
2025-11-07 09:26:02,116 - INFO - [AccessControl] Starting RFID Access Control System
2025-11-07 09:26:02,120 - INFO - [AccessControl] Starting RFID reader for Room 6 on COM5
2025-11-07 09:26:02,120 - INFO - [AccessControl] Started reader for Room 6 on COM5
2025-11-07 09:26:02,121 - INFO - [AccessControl] Auto-off monitor started
2025-11-07 09:26:05,276 - INFO - [AccessControl] [Room 6] Arduino is ready
2025-11-07 09:26:06,692 - INFO - [AccessControl] [Room 6] Processing UID: D3CBB138
2025-11-07 09:26:07,675 - ERROR - [AccessControl] [Room 6] Read error: 'RFIDReader' object has no attribute 'log_access'
2025-11-07 09:26:14,556 - INFO - [AccessControl] [Room 6] Processing UID: 82041001
2025-11-07 09:26:15,211 - ERROR - [AccessControl] [Room 6] Read error: 'RFIDReader' object has no attribute 'log_access'
2025-11-07 09:28:56,802 - INFO - [AccessControl] Shutdown signal received
2025-11-07 09:28:56,802 - INFO - [AccessControl] Shutting down RFID Access Control System
2025-11-07 09:28:56,802 - ERROR - [AccessControl] Application failed to start: 'RFIDReader' object has no attribute 'stop'
2025-11-07 09:31:45,234 - INFO - package: mysql.connector.plugins
2025-11-07 09:31:45,234 - INFO - plugin_name: mysql_native_password
2025-11-07 09:31:45,235 - INFO - AUTHENTICATION_PLUGIN_CLASS: MySQLNativePasswordAuthPlugin
2025-11-07 09:31:45,238 - INFO - Starting RFID Access Control System
2025-11-07 09:31:45,240 - INFO - Starting RFID reader for Room 6 on COM5
2025-11-07 09:31:45,240 - INFO - Started reader for Room 6 on COM5
2025-11-07 09:31:45,241 - INFO - Auto-off monitor started
2025-11-07 09:31:54,977 - INFO - Shutdown signal received
2025-11-07 09:31:54,978 - INFO - Shutting down system...
2025-11-07 09:31:56,832 - INFO - Room 6 reader stopped
2025-11-07 09:31:56,983 - INFO - System stopped
2025-11-07 09:32:14,145 - INFO - package: mysql.connector.plugins
2025-11-07 09:32:14,145 - INFO - plugin_name: mysql_native_password
2025-11-07 09:32:14,148 - INFO - AUTHENTICATION_PLUGIN_CLASS: MySQLNativePasswordAuthPlugin
2025-11-07 09:32:14,149 - INFO - Starting RFID Access Control System
2025-11-07 09:32:14,151 - INFO - Starting RFID reader for Room 6 on COM5
2025-11-07 09:32:14,151 - INFO - Started reader for Room 6 on COM5
2025-11-07 09:32:14,152 - INFO - Auto-off monitor started
2025-11-07 09:33:35,180 - INFO - Shutdown signal received
2025-11-07 09:33:35,181 - INFO - Shutting down system...
2025-11-07 09:33:35,255 - INFO - Room 6 reader stopped
2025-11-07 09:33:37,185 - INFO - System stopped
2025-11-07 09:34:54,015 - INFO - package: mysql.connector.plugins
2025-11-07 09:34:54,015 - INFO - plugin_name: mysql_native_password
2025-11-07 09:34:54,018 - INFO - AUTHENTICATION_PLUGIN_CLASS: MySQLNativePasswordAuthPlugin
2025-11-07 09:34:54,019 - INFO - Starting RFID Access Control System
2025-11-07 09:34:54,023 - INFO - Starting RFID reader for Room 6 on COM5
2025-11-07 09:34:54,023 - INFO - Started reader for Room 6 on COM5
2025-11-07 09:34:54,024 - INFO - Auto-off monitor started
2025-11-07 09:34:56,060 - INFO - Room 6 processing UID: 82041001
2025-11-07 09:34:56,068 - INFO - Logged: UID 82041001, Room 6, granted
2025-11-07 09:34:56,068 - INFO - Room 6 student exit processed
2025-11-07 09:34:56,716 - INFO - Room 6 Arduino: STATUS:EXIT_ACK
2025-11-07 09:35:10,259 - INFO - Room 6 processing UID: 82041001
2025-11-07 09:35:10,264 - INFO - Logged: UID 82041001, Room 6, granted
2025-11-07 09:35:10,265 - INFO - Room 6 student exit processed
2025-11-07 09:35:10,913 - INFO - Room 6 Arduino: STATUS:EXIT_ACK
2025-11-07 09:35:13,974 - INFO - Room 6 processing UID: 82041001
2025-11-07 09:35:13,979 - INFO - Logged: UID 82041001, Room 6, granted
2025-11-07 09:35:13,979 - INFO - Room 6 student exit processed
2025-11-07 09:35:14,620 - INFO - Room 6 Arduino: STATUS:EXIT_ACK
2025-11-07 09:35:20,960 - INFO - Room 6 processing UID: 82041001
2025-11-07 09:35:20,966 - INFO - Logged: UID 82041001, Room 6, granted
2025-11-07 09:35:20,966 - INFO - Room 6 student exit processed
2025-11-07 09:35:21,614 - INFO - Room 6 Arduino: STATUS:EXIT_ACK
2025-11-07 09:36:26,852 - ERROR - Room 6 fatal error: ClearCommError failed (PermissionError(13, 'Access is denied.', None, 5))
2025-11-07 09:36:26,853 - INFO - Room 6 reader stopped
2025-11-07 09:36:50,596 - INFO - Shutdown signal received
2025-11-07 09:36:50,596 - INFO - Shutting down system...
2025-11-07 09:36:52,607 - INFO - System stopped
2025-11-07 09:37:55,697 - INFO - package: mysql.connector.plugins
2025-11-07 09:37:55,697 - INFO - plugin_name: mysql_native_password
2025-11-07 09:37:55,700 - INFO - AUTHENTICATION_PLUGIN_CLASS: MySQLNativePasswordAuthPlugin
2025-11-07 09:37:55,702 - INFO - Starting RFID Access Control System
2025-11-07 09:37:55,704 - INFO - Starting RFID reader for Room 6 on COM5
2025-11-07 09:37:55,704 - INFO - Started reader for Room 6 on COM5
2025-11-07 09:37:55,706 - INFO - Auto-off monitor started
2025-11-07 09:38:34,214 - INFO - Shutdown signal received
2025-11-07 09:38:34,215 - INFO - Shutting down system...
2025-11-07 09:38:34,294 - INFO - Room 6 reader stopped
2025-11-07 09:38:36,227 - INFO - System stopped
2025-11-07 09:38:37,964 - INFO - package: mysql.connector.plugins
2025-11-07 09:38:37,964 - INFO - plugin_name: mysql_native_password
2025-11-07 09:38:37,967 - INFO - AUTHENTICATION_PLUGIN_CLASS: MySQLNativePasswordAuthPlugin
2025-11-07 09:38:37,968 - INFO - Starting RFID Access Control System
2025-11-07 09:38:37,970 - INFO - Starting RFID reader for Room 6 on COM5
2025-11-07 09:38:37,970 - INFO - Started reader for Room 6 on COM5
2025-11-07 09:38:37,971 - INFO - Auto-off monitor started
2025-11-07 09:39:33,564 - INFO - Room 6 processing UID: 61D
2025-11-07 09:39:33,568 - INFO - Logged: UID 61D, Room 6, denied
2025-11-07 09:39:50,108 - INFO - Room 6 processing UID: 820
2025-11-07 09:39:50,112 - INFO - Logged: UID 820, Room 6, denied
2025-11-07 09:41:06,098 - INFO - Shutdown signal received
2025-11-07 09:41:06,100 - INFO - Shutting down system...
2025-11-07 09:41:06,186 - INFO - Room 6 reader stopped
2025-11-07 09:41:08,110 - INFO - System stopped
2025-11-07 09:41:09,722 - INFO - package: mysql.connector.plugins
2025-11-07 09:41:09,722 - INFO - plugin_name: mysql_native_password
2025-11-07 09:41:09,724 - INFO - AUTHENTICATION_PLUGIN_CLASS: MySQLNativePasswordAuthPlugin
2025-11-07 09:41:09,725 - INFO - Starting RFID Access Control System
2025-11-07 09:41:09,727 - INFO - Starting RFID reader for Room 6 on COM5
2025-11-07 09:41:09,727 - INFO - Started reader for Room 6 on COM5
2025-11-07 09:41:09,728 - INFO - Auto-off monitor started
2025-11-07 09:47:03,462 - INFO - Shutdown signal received
2025-11-07 09:47:03,462 - INFO - Shutting down system...
2025-11-07 09:47:03,527 - INFO - Room 6 reader stopped
2025-11-07 09:47:05,471 - INFO - System stopped
2025-11-07 09:47:14,030 - INFO - package: mysql.connector.plugins
2025-11-07 09:47:14,031 - INFO - plugin_name: mysql_native_password
2025-11-07 09:47:14,032 - INFO - AUTHENTICATION_PLUGIN_CLASS: MySQLNativePasswordAuthPlugin
2025-11-07 09:47:14,034 - INFO - Starting RFID Access Control System
2025-11-07 09:47:14,035 - INFO - Starting RFID reader for Room 6 on COM5
2025-11-07 09:47:14,035 - INFO - Started reader for Room 6 on COM5
2025-11-07 09:47:18,974 - INFO - Room 6 processing UID: D3CBB138
2025-11-07 09:47:18,979 - INFO - Access: UID D3CBB138, Room 6, denied
2025-11-07 09:47:18,980 - INFO - Room 6 access DENIED
2025-11-07 09:47:29,906 - INFO - Room 6 processing UID: 61DE6A05
2025-11-07 09:47:29,911 - INFO - Access: UID 61DE6A05, Room 6, granted
2025-11-07 09:47:29,911 - INFO - Room 6 access GRANTED
2025-11-07 09:47:39,180 - INFO - Room 6 processing UID: 61DE6A05
2025-11-07 09:47:39,185 - INFO - Access: UID 61DE6A05, Room 6, granted
2025-11-07 09:47:39,186 - INFO - Room 6 access GRANTED
2025-11-07 09:47:43,122 - INFO - Room 6 processing UID: 61DE6A05
2025-11-07 09:47:43,128 - INFO - Access: UID 61DE6A05, Room 6, granted
2025-11-07 09:47:43,128 - INFO - Room 6 access GRANTED
2025-11-07 09:48:10,023 - INFO - Room 6 processing UID: D3CBB138
2025-11-07 09:48:10,026 - INFO - Access: UID D3CBB138, Room 6, denied
2025-11-07 09:48:10,026 - INFO - Room 6 access DENIED
2025-11-07 09:48:18,115 - INFO - Room 6 processing UID: 82041001
2025-11-07 09:48:18,119 - INFO - Access: UID 82041001, Room 6, granted
2025-11-07 09:48:18,119 - INFO - Room 6 access GRANTED
2025-11-07 09:51:36,087 - INFO - Shutdown signal received
2025-11-07 09:51:36,087 - INFO - Shutting down system...
2025-11-07 09:51:36,120 - INFO - Room 6 reader stopped
2025-11-07 09:51:38,090 - INFO - System stopped
2025-11-07 09:54:34,857 - INFO - package: mysql.connector.plugins
2025-11-07 09:54:34,858 - INFO - plugin_name: mysql_native_password
2025-11-07 09:54:34,860 - INFO - AUTHENTICATION_PLUGIN_CLASS: MySQLNativePasswordAuthPlugin
2025-11-07 09:54:34,862 - INFO - Starting RFID Access Control System
2025-11-07 09:54:34,864 - INFO - Starting RFID reader for Room 6 on COM5
2025-11-07 09:54:34,864 - INFO - Started reader for Room 6 on COM5
2025-11-07 09:54:34,864 - INFO - Auto-off monitor started
2025-11-07 09:54:37,018 - INFO - Room 6 processing EXIT for UID: 61DE6A05
2025-11-07 09:54:37,039 - INFO - Access: Exit, UID 61DE6A05, Room 6, granted
2025-11-07 09:54:37,039 - INFO - Room 6 admin exited and turned off room
2025-11-07 09:54:42,712 - INFO - Room 6 processing ENTRY for UID: 61DE6A05
2025-11-07 09:54:42,716 - INFO - Access: Entry, UID 61DE6A05, Room 6, granted
2025-11-07 09:54:42,718 - INFO - Room 6 access GRANTED
2025-11-07 09:55:32,563 - INFO - Room 6 processing EXIT for UID: 82041001
2025-11-07 09:55:32,567 - INFO - Access: Exit, UID 82041001, Room 6, granted
2025-11-07 09:55:32,567 - INFO - Room 6 student exited - door unlocked
2025-11-07 10:02:10,730 - INFO - Shutdown signal received
2025-11-07 10:02:10,730 - INFO - Shutting down system...
2025-11-07 10:02:10,837 - INFO - Room 6 reader stopped
2025-11-07 10:02:12,739 - INFO - System stopped
2025-11-07 10:02:46,172 - INFO - package: mysql.connector.plugins
2025-11-07 10:02:46,173 - INFO - plugin_name: mysql_native_password
2025-11-07 10:02:46,174 - INFO - AUTHENTICATION_PLUGIN_CLASS: MySQLNativePasswordAuthPlugin
2025-11-07 10:02:46,176 - INFO - Starting RFID Access Control System
2025-11-07 10:02:46,177 - INFO - Starting RFID reader for Room 6 on COM5
2025-11-07 10:02:46,178 - INFO - Started reader for Room 6 on COM5
2025-11-07 10:02:46,178 - INFO - Auto-off monitor started
2025-11-07 10:02:48,326 - INFO - Room 6 processing EXIT for UID: 82041001, Current status: Occupied
2025-11-07 10:02:48,330 - INFO - Access: Exit, UID 82041001, Room 6, granted
2025-11-07 10:02:48,330 - INFO - Room 6 student exited - door unlocked
2025-11-07 10:03:11,108 - INFO - Shutdown signal received
2025-11-07 10:03:11,108 - INFO - Shutting down system...
2025-11-07 10:03:11,126 - INFO - Room 6 reader stopped
2025-11-07 10:03:13,122 - INFO - System stopped
2025-11-07 10:03:14,647 - INFO - package: mysql.connector.plugins
2025-11-07 10:03:14,647 - INFO - plugin_name: mysql_native_password
2025-11-07 10:03:14,649 - INFO - AUTHENTICATION_PLUGIN_CLASS: MySQLNativePasswordAuthPlugin
2025-11-07 10:03:14,650 - INFO - Starting RFID Access Control System
2025-11-07 10:03:14,652 - INFO - Starting RFID reader for Room 6 on COM5
2025-11-07 10:03:14,652 - INFO - Started reader for Room 6 on COM5
2025-11-07 10:03:14,653 - INFO - Auto-off monitor started
2025-11-07 10:03:16,792 - INFO - Room 6 processing EXIT for UID: 61DE6A05, Current status: Occupied
2025-11-07 10:03:16,799 - INFO - Access: Exit, UID 61DE6A05, Room 6, granted
2025-11-07 10:03:16,799 - INFO - Room 6 admin exited and turned off room
2025-11-07 10:03:24,420 - INFO - Room 6 processing ENTRY for UID: 61DE6A05, Current status: Unoccupied
2025-11-07 10:03:24,425 - INFO - Access: Entry, UID 61DE6A05, Room 6, granted
2025-11-07 10:03:24,425 - INFO - Room 6 access GRANTED
2025-11-07 10:03:29,231 - INFO - Room 6 processing EXIT for UID: 61DE6A05, Current status: Occupied
2025-11-07 10:03:29,235 - INFO - Access: Exit, UID 61DE6A05, Room 6, granted
2025-11-07 10:03:29,236 - INFO - Room 6 admin exited and turned off room
2025-11-07 10:03:52,572 - INFO - Shutdown signal received
2025-11-07 10:03:52,572 - INFO - Shutting down system...
2025-11-07 10:03:52,673 - INFO - Room 6 reader stopped
2025-11-07 10:03:54,584 - INFO - System stopped
2025-11-07 10:03:56,239 - INFO - package: mysql.connector.plugins
2025-11-07 10:03:56,240 - INFO - plugin_name: mysql_native_password
2025-11-07 10:03:56,242 - INFO - AUTHENTICATION_PLUGIN_CLASS: MySQLNativePasswordAuthPlugin
2025-11-07 10:03:56,243 - INFO - Starting RFID Access Control System
2025-11-07 10:03:56,245 - INFO - Starting RFID reader for Room 6 on COM5
2025-11-07 10:03:56,245 - INFO - Started reader for Room 6 on COM5
2025-11-07 10:03:56,246 - INFO - Auto-off monitor started
2025-11-07 10:03:58,394 - INFO - Room 6 processing ENTRY for UID: 61DE6A05, Current status: Unoccupied
2025-11-07 10:03:58,399 - INFO - Access: Entry, UID 61DE6A05, Room 6, granted
2025-11-07 10:03:58,400 - INFO - Room 6 access GRANTED
2025-11-07 10:04:43,408 - INFO - Shutdown signal received
2025-11-07 10:04:43,409 - INFO - Shutting down system...
2025-11-07 10:04:43,432 - INFO - Room 6 reader stopped
2025-11-07 10:04:45,421 - INFO - System stopped
2025-11-07 10:04:46,942 - INFO - package: mysql.connector.plugins
2025-11-07 10:04:46,943 - INFO - plugin_name: mysql_native_password
2025-11-07 10:04:46,945 - INFO - AUTHENTICATION_PLUGIN_CLASS: MySQLNativePasswordAuthPlugin
2025-11-07 10:04:46,947 - INFO - Starting RFID Access Control System
2025-11-07 10:04:46,949 - INFO - Starting RFID reader for Room 6 on COM5
2025-11-07 10:04:46,949 - INFO - Started reader for Room 6 on COM5
2025-11-07 10:04:46,949 - INFO - Auto-off monitor started
2025-11-07 10:04:53,344 - INFO - Room 6 processing EXIT for UID: 61DE6A05, Current status: Occupied
2025-11-07 10:04:53,350 - INFO - Access: Exit, UID 61DE6A05, Room 6, granted
2025-11-07 10:04:53,350 - INFO - Room 6 admin exited and turned off room
2025-11-07 10:06:54,193 - INFO - Room 6 processing ENTRY for UID: 82041001, Current status: Unoccupied
2025-11-07 10:06:54,203 - INFO - Access: Entry, UID 82041001, Room 6, granted
2025-11-07 10:06:54,204 - INFO - Room 6 access GRANTED
2025-11-07 10:07:48,911 - INFO - Room 6 processing EXIT for UID: D3CBB138, Current status: Occupied
2025-11-07 10:07:48,915 - INFO - Access: Exit, UID D3CBB138, Room 6, denied
2025-11-07 10:07:48,915 - INFO - Room 6 Exit DENIED
2025-11-07 10:07:53,382 - INFO - Room 6 processing EXIT for UID: A4123D05, Current status: Occupied
2025-11-07 10:07:53,386 - INFO - Access: Exit, UID A4123D05, Room 6, denied
2025-11-07 10:07:53,386 - INFO - Room 6 Exit DENIED
2025-11-07 10:08:42,684 - INFO - Room 6 processing EXIT for UID: A4123D05, Current status: Occupied
2025-11-07 10:08:42,687 - INFO - Access: Exit, UID A4123D05, Room 6, denied
2025-11-07 10:08:42,687 - INFO - Room 6 Exit DENIED
2025-11-07 10:08:48,239 - INFO - Room 6 processing EXIT for UID: A4123D05, Current status: Occupied
2025-11-07 10:08:48,243 - INFO - Access: Exit, UID A4123D05, Room 6, denied
2025-11-07 10:08:48,245 - INFO - Room 6 Exit DENIED
2025-11-07 10:10:54,214 - INFO - Room 6 processing EXIT for UID: A4123D05, Current status: Occupied
2025-11-07 10:10:54,217 - INFO - Access: Exit, UID A4123D05, Room 6, denied
2025-11-07 10:10:54,218 - INFO - Room 6 Exit DENIED
2025-11-07 10:10:58,363 - INFO - Room 6 processing EXIT for UID: 61DE6A05, Current status: Occupied
2025-11-07 10:10:58,367 - INFO - Access: Exit, UID 61DE6A05, Room 6, granted
2025-11-07 10:10:58,368 - INFO - Room 6 admin exited and turned off room
2025-11-07 10:11:02,499 - INFO - Room 6 processing ENTRY for UID: A4123D05, Current status: Unoccupied
2025-11-07 10:11:02,503 - INFO - Access: Entry, UID A4123D05, Room 6, denied
2025-11-07 10:11:02,503 - INFO - Room 6 Entry DENIED
2025-11-07 10:11:05,663 - INFO - Room 6 processing ENTRY for UID: 61DE6A05, Current status: Unoccupied
2025-11-07 10:11:05,669 - INFO - Access: Entry, UID 61DE6A05, Room 6, granted
2025-11-07 10:11:05,669 - INFO - Room 6 access GRANTED
2025-11-07 10:11:33,959 - INFO - Shutdown signal received
2025-11-07 10:11:33,960 - INFO - Shutting down system...
2025-11-07 10:11:34,014 - INFO - Room 6 reader stopped
2025-11-07 10:11:35,969 - INFO - System stopped
2025-11-07 10:11:39,310 - INFO - package: mysql.connector.plugins
2025-11-07 10:11:39,311 - INFO - plugin_name: mysql_native_password
2025-11-07 10:11:39,313 - INFO - AUTHENTICATION_PLUGIN_CLASS: MySQLNativePasswordAuthPlugin
2025-11-07 10:11:39,314 - INFO - Starting RFID Access Control System
2025-11-07 10:11:39,316 - INFO - Starting RFID reader for Room 6 on COM5
2025-11-07 10:11:39,316 - INFO - Started reader for Room 6 on COM5
2025-11-07 10:11:39,317 - INFO - Auto-off monitor started
2025-11-07 10:11:44,831 - INFO - Room 6 processing EXIT for UID: 82041001, Current status: Occupied
2025-11-07 10:11:44,835 - INFO - Access: Exit, UID 82041001, Room 6, granted
2025-11-07 10:11:44,835 - INFO - Room 6 student exited - door unlocked
2025-11-07 10:20:43,133 - INFO - Shutdown signal received
2025-11-07 10:20:43,133 - INFO - Shutting down system...
2025-11-07 10:20:43,227 - INFO - Room 6 reader stopped
2025-11-07 10:20:45,148 - INFO - System stopped
2025-11-07 10:21:59,805 - INFO - package: mysql.connector.plugins
2025-11-07 10:21:59,805 - INFO - plugin_name: mysql_native_password
2025-11-07 10:21:59,808 - INFO - AUTHENTICATION_PLUGIN_CLASS: MySQLNativePasswordAuthPlugin
2025-11-07 10:21:59,810 - INFO - Starting RFID Access Control System
2025-11-07 10:21:59,811 - INFO - Starting RFID reader for Room 6 on COM5
2025-11-07 10:21:59,811 - INFO - Started reader for Room 6 on COM5
2025-11-07 10:21:59,813 - INFO - Auto-off monitor started
2025-11-07 10:22:02,276 - INFO - Room 6 processing EXIT for UID: A4123D05, Current status: Occupied
2025-11-07 10:22:02,279 - INFO - Access: Exit, UID A4123D05, Room 6, denied
2025-11-07 10:22:02,279 - INFO - Room 6 Exit DENIED
2025-11-07 10:22:08,484 - INFO - Room 6 processing EXIT for UID: 61DE6A05, Current status: Occupied
2025-11-07 10:22:08,489 - INFO - Access: Exit, UID 61DE6A05, Room 6, granted
2025-11-07 10:22:08,489 - INFO - Room 6 admin exited and turned off room
2025-11-07 10:22:16,232 - INFO - Room 6 processing ENTRY for UID: 82041001, Current status: Unoccupied
2025-11-07 10:22:16,239 - INFO - Access: Entry, UID 82041001, Room 6, granted
2025-11-07 10:22:16,239 - INFO - Room 6 access GRANTED
2025-11-07 10:30:37,721 - INFO - Room 6 processing EXIT for UID: 61DE6A05, Current status: Occupied
2025-11-07 10:30:37,728 - INFO - Access: Exit, UID 61DE6A05, Room 6, granted
2025-11-07 10:30:37,728 - INFO - Room 6 admin exited and turned off room
2025-11-07 10:30:43,096 - INFO - Room 6 processing ENTRY for UID: 82041001, Current status: Unoccupied
2025-11-07 10:30:43,104 - INFO - Access: Entry, UID 82041001, Room 6, granted
2025-11-07 10:30:43,104 - INFO - Room 6 access GRANTED
2025-11-07 10:31:46,086 - INFO - Shutdown signal received
2025-11-07 10:31:46,086 - INFO - Shutting down system...
2025-11-07 10:31:46,141 - INFO - Room 6 reader stopped
2025-11-07 10:31:48,096 - INFO - System stopped
2025-11-07 10:31:50,853 - INFO - package: mysql.connector.plugins
2025-11-07 10:31:50,854 - INFO - plugin_name: mysql_native_password
2025-11-07 10:31:50,855 - INFO - AUTHENTICATION_PLUGIN_CLASS: MySQLNativePasswordAuthPlugin
2025-11-07 10:31:50,858 - INFO - Starting RFID Access Control System
2025-11-07 10:31:50,861 - INFO - Starting RFID reader for Room 6 on COM5
2025-11-07 10:31:50,862 - INFO - Started reader for Room 6 on COM5
2025-11-07 10:31:50,863 - INFO - Auto-off monitor started
2025-11-07 10:31:53,544 - INFO - Room 6 processing EXIT for UID: A4123D05, Current status: Occupied
2025-11-07 10:31:53,547 - INFO - Access: Exit, UID A4123D05, Room 6, denied
2025-11-07 10:31:53,547 - INFO - Room 6 Exit DENIED
2025-11-07 10:34:19,257 - INFO - Room 6 processing EXIT for UID: A4123D05, Current status: Occupied
2025-11-07 10:34:19,261 - INFO - Access: Exit, UID A4123D05, Room 6, denied
2025-11-07 10:34:19,261 - INFO - Room 6 Exit DENIED
2025-11-07 10:34:34,852 - INFO - Room 6 processing EXIT for UID: 82041001, Current status: Occupied
2025-11-07 10:34:34,854 - INFO - Access: Exit, UID 82041001, Room 6, granted
2025-11-07 10:34:34,856 - INFO - Room 6 student exited - door unlocked
2025-11-07 10:35:10,314 - INFO - Shutdown signal received
2025-11-07 10:35:10,314 - INFO - Shutting down system...
2025-11-07 10:35:10,417 - INFO - Room 6 reader stopped
2025-11-07 10:35:12,330 - INFO - System stopped
2025-11-07 10:40:31,448 - INFO - package: mysql.connector.plugins
2025-11-07 10:40:31,449 - INFO - plugin_name: mysql_native_password
2025-11-07 10:40:31,450 - INFO - AUTHENTICATION_PLUGIN_CLASS: MySQLNativePasswordAuthPlugin
2025-11-07 10:40:31,452 - INFO - Starting RFID Access Control System
2025-11-07 10:40:31,454 - INFO - Starting RFID reader for Room 6 on COM5
2025-11-07 10:40:31,454 - INFO - Started reader for Room 6 on COM5
2025-11-07 10:40:31,454 - INFO - Auto-off monitor started
2025-11-07 10:40:31,458 - INFO - Auto-off: Room 6 schedule ended, turning off
2025-11-07 10:40:31,460 - INFO - Auto-off: Room 6 set to Unoccupied
2025-11-07 10:40:37,407 - INFO - Room 6 processing ENTRY for UID: 61DE6A05, Current status: Unoccupied
2025-11-07 10:40:37,414 - INFO - Access: Entry, UID 61DE6A05, Room 6, granted
2025-11-07 10:40:37,414 - INFO - Room 6 access GRANTED
2025-11-07 10:40:56,237 - INFO - Shutdown signal received
2025-11-07 10:40:56,238 - INFO - Shutting down system...
2025-11-07 10:40:56,336 - INFO - Room 6 reader stopped
2025-11-07 10:40:58,248 - INFO - System stopped
2025-11-07 10:40:59,560 - INFO - package: mysql.connector.plugins
2025-11-07 10:40:59,561 - INFO - plugin_name: mysql_native_password
2025-11-07 10:40:59,563 - INFO - AUTHENTICATION_PLUGIN_CLASS: MySQLNativePasswordAuthPlugin
2025-11-07 10:40:59,565 - INFO - Starting RFID Access Control System
2025-11-07 10:40:59,569 - INFO - Starting RFID reader for Room 6 on COM5
2025-11-07 10:40:59,569 - INFO - Started reader for Room 6 on COM5
2025-11-07 10:40:59,571 - INFO - Auto-off monitor started
2025-11-07 10:40:59,574 - INFO - Auto-off: Room 6 schedule ended, turning off
2025-11-07 10:40:59,577 - INFO - Auto-off: Room 6 set to Unoccupied
2025-11-07 10:41:02,587 - INFO - Room 6 processing ENTRY for UID: A4123D05, Current status: Unoccupied
2025-11-07 10:41:02,591 - INFO - Access: Entry, UID A4123D05, Room 6, denied
2025-11-07 10:41:02,591 - INFO - Room 6 Entry DENIED
2025-11-07 10:41:07,055 - INFO - Room 6 processing ENTRY for UID: 61DE6A05, Current status: Unoccupied
2025-11-07 10:41:07,060 - INFO - Access: Entry, UID 61DE6A05, Room 6, granted
2025-11-07 10:41:07,061 - INFO - Room 6 access GRANTED
2025-11-07 10:41:29,587 - INFO - Shutdown signal received
2025-11-07 10:41:29,588 - INFO - Shutting down system...
2025-11-07 10:41:29,601 - INFO - Room 6 reader stopped
2025-11-07 10:41:31,593 - INFO - System stopped
